// Jest Snapshot v1, https://goo.gl/fbAQLP

exports[`Snapshot test for TabReviews 1`] = `
<div
  className="movie-card__reviews movie-card__row"
>
  <div
    className="movie-card__reviews-col"
  >
    <div
      className="review"
    >
      <blockquote
        className="review__quote"
      >
        <p
          className="review__text"
        >
          11111
        </p>
        <footer
          className="review__details"
        >
          <cite
            className="review__author"
          >
            111
          </cite>
          <time
            className="review__date"
            dateTime="92-11-12"
          >
            November 12, 1992
          </time>
        </footer>
      </blockquote>
      <div
        className="review__rating"
      >
        8
      </div>
    </div>
  </div>
</div>
`;
