// Jest Snapshot v1, https://goo.gl/fbAQLP

exports[`ShowMoreButton should match snapshots ShowMoreButton should render 1`] = `
<div
  className="catalog__more"
>
  <button
    className="catalog__button"
    onClick={[Function]}
    type="button"
  >
    Show more
  </button>
</div>
`;

exports[`ShowMoreButton should match snapshots ShowMoreButton shouldn't render 1`] = `""`;
